// Jest Snapshot v1, https://goo.gl/fbAQLP

exports[`FavoriteItemComponent should match with the snapshot 1`] = `"<div class="favorite-item"><button class="trash-btn"><img src="../../../../assets/icons/btn-delete.png" alt=""></button><img class="comic-image" src="http://i.annihil.us/u/prod/marvel/i/mg/9/10/591deb1bd1554.jpg" alt="Uncanny X-Men (1963) #405"><strong class="comic-name"> Uncanny X-Men (1963) #405 </strong></div><comic-detail ng-reflect-is-open="false" ng-reflect-comic-data="[object Object]"><shared-modal-wrapper style="width: 80%;" ng-reflect-is-open="false"><div class="modal-container wrap center" ng-reflect-ng-class="[object Object]"><div class="modal-body"><!--bindings={}--></div><div class="overlay wrap"></div></div></shared-modal-wrapper></comic-detail>"`;
